[1mPID      PPID     COMM             STATE THREADS RSS         CPU[0m
1        0        systemd          S     1       8.0 MiB     4.600s
42       1        cron             S     1       900 B       0.040s
1337     1        update           R     8       512.0 MiB   1123.440s
2001     1337     worker (odd)     D     4       64.0 KiB    0.000s
4096     2001     defunct          Z     1       0 B         0.100s
